// Jest Snapshot v1, https://goo.gl/fbAQLP

exports[`test snapshot 1`] = `
<Router
  location={
    Object {
      "hash": "",
      "key": "default",
      "pathname": "/",
      "search": "",
      "state": null,
    }
  }
  navigationType="POP"
  navigator={
    Object {
      "action": "POP",
      "createHref": [Function],
      "encodeLocation": [Function],
      "go": [Function],
      "listen": [Function],
      "location": Object {
        "hash": "",
        "key": "default",
        "pathname": "/",
        "search": "",
        "state": null,
      },
      "push": [Function],
      "replace": [Function],
    }
  }
>
  <ListingContextProvider>
    <EditPostContextProvider>
      <ProfileMainContent>
        <CrossPost />
      </ProfileMainContent>
    </EditPostContextProvider>
  </ListingContextProvider>
</Router>
`;
