// Jest Snapshot v1, https://goo.gl/fbAQLP

exports[`CommentReactions-test-snapshot 1`] = `
<div
  className="MuiBox-root css-190lnq2"
>
  <button
    className="MuiButtonBase-root MuiIconButton-root MuiIconButton-sizeMedium css-13z2a53-MuiButtonBase-root-MuiIconButton-root"
    disabled={false}
    onBlur={[Function]}
    onClick={[Function]}
    onContextMenu={[Function]}
    onDragLeave={[Function]}
    onFocus={[Function]}
    onKeyDown={[Function]}
    onKeyUp={[Function]}
    onMouseDown={[Function]}
    onMouseLeave={[Function]}
    onMouseUp={[Function]}
    onTouchEnd={[Function]}
    onTouchMove={[Function]}
    onTouchStart={[Function]}
    tabIndex={0}
    type="button"
  >
    <div
      className="MuiBox-root css-7l126h"
    >
      <svg
        fill="currentColor"
        height="1em"
        stroke="currentColor"
        strokeWidth="0"
        style={
          Object {
            "color": undefined,
            "height": 19,
            "transform": "rotate(0deg)",
            "width": 19,
          }
        }
        version="1.1"
        viewBox="0 0 16 16"
        width="1em"
        xmlns="http://www.w3.org/2000/svg"
      >
        <path
          d="M8 0.5l-7.5 7.5h4.5v8h6v-8h4.5z"
        />
      </svg>
    </div>
  </button>
  <div
    className="MuiBox-root css-sjrgnv"
  >
    10
  </div>
  <button
    className="MuiButtonBase-root MuiIconButton-root MuiIconButton-sizeMedium css-13z2a53-MuiButtonBase-root-MuiIconButton-root"
    data-testid="downvote button"
    disabled={false}
    onBlur={[Function]}
    onClick={[Function]}
    onContextMenu={[Function]}
    onDragLeave={[Function]}
    onFocus={[Function]}
    onKeyDown={[Function]}
    onKeyUp={[Function]}
    onMouseDown={[Function]}
    onMouseLeave={[Function]}
    onMouseUp={[Function]}
    onTouchEnd={[Function]}
    onTouchMove={[Function]}
    onTouchStart={[Function]}
    tabIndex={0}
    type="button"
  >
    <svg
      fill="none"
      height="1em"
      stroke="currentColor"
      strokeLinecap="round"
      strokeLinejoin="round"
      strokeWidth="2"
      style={
        Object {
          "&:hover": Object {
            "color": undefined,
          },
          "color": undefined,
          "height": 23,
          "transform": "rotate(180deg)",
          "width": 23,
        }
      }
      viewBox="0 0 24 24"
      width="1em"
      xmlns="http://www.w3.org/2000/svg"
    >
      <desc />
      <path
        d="M0 0h24v24H0z"
        fill="none"
        stroke="none"
      />
      <path
        d="M9 20v-8h-3.586a1 1 0 0 1 -.707 -1.707l6.586 -6.586a1 1 0 0 1 1.414 0l6.586 6.586a1 1 0 0 1 -.707 1.707h-3.586v8a1 1 0 0 1 -1 1h-4a1 1 0 0 1 -1 -1z"
      />
    </svg>
  </button>
</div>
`;
