// Jest Snapshot v1, https://goo.gl/fbAQLP

exports[`test snapshot 1`] = `
<div
  className="MuiBox-root css-1jbw2pj"
>
  <div
    className="MuiBox-root css-2imjyh"
  >
    <div
      className="MuiBox-root css-14fy6pd"
    >
      <img
        className="css-1t9pz9x"
      />
    </div>
    <a
      className="css-4gr578"
      href="/user/undefined"
      onClick={[Function]}
    >
      <span
        className="MuiTypography-root MuiTypography-caption css-2w43o6-MuiTypography-root"
      >
        u/
         
        .
         
      </span>
    </a>
    <span
      className="MuiTypography-root MuiTypography-caption css-o4wjv1-MuiTypography-root"
    >
       
      Posted by
    </span>
    <a
      className="css-4gr578"
      href="/user/undefined"
      onClick={[Function]}
    >
      <span
        className="MuiTypography-root MuiTypography-caption css-auilwn-MuiTypography-root"
      >
        u/
      </span>
    </a>
    <div
      className="MuiBox-root css-dtw3z"
    >
      <span
        className="MuiTypography-root MuiTypography-caption css-o4wjv1-MuiTypography-root"
      >
         
        a few seconds ago
      </span>
    </div>
  </div>
</div>
`;
