// Jest Snapshot v1, https://goo.gl/fbAQLP

exports[`test snapshot 1`] = `
<div
  className="MuiBox-root css-1yj1mxk"
  onClick={[Function]}
>
  <p
    className="css-1udx7t0"
    data-testid="select"
  >
    aa
  </p>
  <svg
    aria-hidden={true}
    className="MuiSvgIcon-root MuiSvgIcon-colorPrimary MuiSvgIcon-fontSizeMedium css-1y0tgmx-MuiSvgIcon-root"
    data-testid="ExpandMoreOutlinedIcon"
    focusable="false"
    viewBox="0 0 24 24"
  >
    <path
      d="M16.59 8.59 12 13.17 7.41 8.59 6 10l6 6 6-6-1.41-1.41z"
    />
  </svg>
</div>
`;
