// Jest Snapshot v1, https://goo.gl/fbAQLP

exports[`test snapshot 1`] = `
Array [
  <a
    className="MuiTypography-root MuiTypography-inherit MuiLink-root MuiLink-underlineAlways css-jf1sgt-MuiTypography-root-MuiLink-root"
    onBlur={[Function]}
    onFocus={[Function]}
  >
    <button
      className="MuiButtonBase-root MuiButton-root MuiButton-outlined MuiButton-outlinedPrimary MuiButton-sizeMedium MuiButton-outlinedSizeMedium MuiButton-root MuiButton-outlined MuiButton-outlinedPrimary MuiButton-sizeMedium MuiButton-outlinedSizeMedium css-1gr231h-MuiButtonBase-root-MuiButton-root"
      data-testid="btn"
      disabled={false}
      fontSize={15}
      fontWeight="bold"
      onBlur={[Function]}
      onClick={[Function]}
      onContextMenu={[Function]}
      onDragLeave={[Function]}
      onFocus={[Function]}
      onKeyDown={[Function]}
      onKeyUp={[Function]}
      onMouseDown={[Function]}
      onMouseLeave={[Function]}
      onMouseUp={[Function]}
      onTouchEnd={[Function]}
      onTouchMove={[Function]}
      onTouchStart={[Function]}
      padding="4px"
      tabIndex={0}
      type="button"
    >
      create community
    </button>
  </a>,
  <div
    className="MuiBox-root css-cxf04i"
  />,
]
`;
