// Jest Snapshot v1, https://goo.gl/fbAQLP

exports[`test snapshot 1`] = `
<div
  className="MuiBox-root css-es7r5k"
>
  <a
    className="css-1mt0anp"
    href="/user/undefined"
    onClick={[Function]}
  >
    <span
      className="MuiTypography-root MuiTypography-caption css-2w43o6-MuiTypography-root"
    >
      u/
       
      .
    </span>
  </a>
  <span
    className="MuiTypography-root MuiTypography-caption css-o4wjv1-MuiTypography-root"
  >
    Posted by
  </span>
  <a
    className="css-1mt0anp"
    href="/user/undefined"
    onClick={[Function]}
  >
    <span
      className="MuiTypography-root MuiTypography-caption css-1krskqt-MuiTypography-root"
    >
      u/
    </span>
  </a>
  <span
    className="MuiTypography-root MuiTypography-caption css-o4wjv1-MuiTypography-root"
  >
     
    a few seconds ago
  </span>
</div>
`;
