// Jest Snapshot v1, https://goo.gl/fbAQLP

exports[`NoComments-test-snapshot 1`] = `
<div
  className="MuiBox-root css-rte3h3"
>
  <svg
    aria-hidden={true}
    className="MuiSvgIcon-root MuiSvgIcon-colorPrimary MuiSvgIcon-fontSizeLarge css-bsqp9w-MuiSvgIcon-root"
    data-testid="ForumIcon"
    focusable="false"
    viewBox="0 0 24 24"
  >
    <path
      d="M21 6h-2v9H6v2c0 .55.45 1 1 1h11l4 4V7c0-.55-.45-1-1-1zm-4 6V3c0-.55-.45-1-1-1H3c-.55 0-1 .45-1 1v14l4-4h10c.55 0 1-.45 1-1z"
    />
  </svg>
  <p
    className="MuiTypography-root MuiTypography-body1 MuiTypography-paragraph css-z2eky3-MuiTypography-root"
  >
    No Comments Yet
  </p>
  <p
    className="MuiTypography-root MuiTypography-body1 MuiTypography-paragraph css-z2eky3-MuiTypography-root"
  >
    Be the first to share what you think!
  </p>
</div>
`;
