// Jest Snapshot v1, https://goo.gl/fbAQLP

exports[`check snap shot 1`] = `
<section
  className="css-an41os"
  data-testid="notificationsBody"
>
  <div
    className="css-1otkajc"
  />
</section>
`;

exports[`check snap shot 2`] = `
<section
  className="css-an41os"
  data-testid="notificationsBody"
>
  <div
    className="css-1otkajc"
  />
</section>
`;
