// Jest Snapshot v1, https://goo.gl/fbAQLP

exports[`test snapshot 1`] = `
<h2
  className="css-fo6dne"
  onClick={[Function]}
  onTouchEnd={[Function]}
>
  <span
    className="css-1qne1za"
    data-testid="add"
    id="add"
  >
    <div
      className="MuiBox-root css-1290pys"
    />
    <textarea
      className="css-h1mzer"
      data-testid="input"
      id="input"
      onChange={[Function]}
      onFocus={[Function]}
      onInput={[Function]}
      onKeyDown={[Function]}
      type="text"
    />
  </span>
</h2>
`;
