// Jest Snapshot v1, https://goo.gl/fbAQLP

exports[`PostHeader PostHeader renders correctly 1`] = `
Array [
  <div
    className="MuiBox-root css-1eogohz"
  >
    <a
      className="css-kqg5s"
      color="#000"
      fontWeight="bolder"
      href="/user/undefined"
      onClick={[Function]}
    >
      u/
    </a>
    <div
      className="MuiBox-root css-1clzuz0"
    >
      <div
        className="MuiBox-root css-5ah3mn"
      >
        a few seconds ago
      </div>
    </div>
  </div>,
  <a
    className="css-10m9jmh"
    href="/"
    onClick={[Function]}
  >
    <h3
      className="MuiTypography-root MuiTypography-h6 css-6aghek-MuiTypography-root"
    >
      title
       
       
    </h3>
  </a>,
]
`;
