// Jest Snapshot v1, https://goo.gl/fbAQLP

exports[`HomePageContainer HomePageContainer renders correctly 1`] = `
Array [
  <div
    className="MuiBox-root css-101ole"
  >
    <div
      className="css-1yelhn"
    >
      <div
        className="css-3ggxsn"
        width={640}
      >
        <div
          className="css-ysyxwd"
        >
          <div
            className="css-iytt7u"
          >
            <a
              href="/"
              onClick={[Function]}
            >
              <img
                alt="avatar"
                className="css-fg9jqr"
                src="https://styles.redditmedia.com/t5_758ciw/styles/profileIcon_snoodd8b11a2-0e4a-4403-a861-a9fa7474b850-headshot.png?width=256&height=256&crop=256:256,smart&s=bc53006491e647452f185afa69775cd6a241598c"
              />
            </a>
          </div>
          <input
            className="css-1txqv5e"
            onClick={[Function]}
            placeholder="Create Post"
            type="text"
          />
          <a
            href="/submit"
            onClick={[Function]}
          >
            <button
              className="MuiButtonBase-root MuiIconButton-root MuiIconButton-colorThird MuiIconButton-sizeMedium css-ibn9bp-MuiButtonBase-root-MuiIconButton-root"
              disabled={false}
              onBlur={[Function]}
              onContextMenu={[Function]}
              onDragLeave={[Function]}
              onFocus={[Function]}
              onKeyDown={[Function]}
              onKeyUp={[Function]}
              onMouseDown={[Function]}
              onMouseLeave={[Function]}
              onMouseUp={[Function]}
              onTouchEnd={[Function]}
              onTouchMove={[Function]}
              onTouchStart={[Function]}
              tabIndex={0}
              type="button"
            >
              <svg
                aria-hidden={true}
                className="MuiSvgIcon-root MuiSvgIcon-fontSizeMedium css-i4bv87-MuiSvgIcon-root"
                data-testid="InsertPhotoOutlinedIcon"
                focusable="false"
                viewBox="0 0 24 24"
              >
                <path
                  d="M19 5v14H5V5h14m0-2H5c-1.1 0-2 .9-2 2v14c0 1.1.9 2 2 2h14c1.1 0 2-.9 2-2V5c0-1.1-.9-2-2-2zm-4.86 8.86-3 3.87L9 13.14 6 17h12l-3.86-5.14z"
                />
              </svg>
            </button>
          </a>
          <a
            href="/submit"
            onClick={[Function]}
          >
            <button
              className="MuiButtonBase-root MuiIconButton-root MuiIconButton-colorThird MuiIconButton-sizeMedium css-ibn9bp-MuiButtonBase-root-MuiIconButton-root"
              disabled={false}
              onBlur={[Function]}
              onContextMenu={[Function]}
              onDragLeave={[Function]}
              onFocus={[Function]}
              onKeyDown={[Function]}
              onKeyUp={[Function]}
              onMouseDown={[Function]}
              onMouseLeave={[Function]}
              onMouseUp={[Function]}
              onTouchEnd={[Function]}
              onTouchMove={[Function]}
              onTouchStart={[Function]}
              tabIndex={0}
              type="button"
            >
              <svg
                aria-hidden={true}
                className="MuiSvgIcon-root MuiSvgIcon-fontSizeMedium css-39q5dk-MuiSvgIcon-root"
                data-testid="AttachFileIcon"
                focusable="false"
                viewBox="0 0 24 24"
              >
                <path
                  d="M16.5 6v11.5c0 2.21-1.79 4-4 4s-4-1.79-4-4V5c0-1.38 1.12-2.5 2.5-2.5s2.5 1.12 2.5 2.5v10.5c0 .55-.45 1-1 1s-1-.45-1-1V6H10v9.5c0 1.38 1.12 2.5 2.5 2.5s2.5-1.12 2.5-2.5V5c0-2.21-1.79-4-4-4S7 2.79 7 5v12.5c0 3.04 2.46 5.5 5.5 5.5s5.5-2.46 5.5-5.5V6h-1.5z"
                />
              </svg>
            </button>
          </a>
        </div>
        <div
          className="css-1i4l6gc"
        />
      </div>
    </div>
  </div>,
  ",",
]
`;
