// Jest Snapshot v1, https://goo.gl/fbAQLP

exports[`test snapshot 1`] = `
<span
  className="css-1qne1za"
  data-testid="add"
  id="add"
>
  <div
    className="MuiBox-root css-1290pys"
  />
  <textarea
    className="css-h1mzer"
    data-testid="input"
    id="input"
    onInput={[Function]}
    type="text"
  />
</span>
`;
