// Jest Snapshot v1, https://goo.gl/fbAQLP

exports[`test snapshot 1`] = `
<tr
  className="MuiTableRow-root css-34nofg-MuiTableRow-root"
  role={null}
>
  <td
    aria-sort={null}
    className="MuiTableCell-root MuiTableCell-sizeMedium css-1gu5pxs-MuiTableCell-root"
  >
    <span
      className="css-0"
    />
  </td>
  <td
    aria-sort={null}
    className="MuiTableCell-root MuiTableCell-alignCenter MuiTableCell-sizeMedium css-cyurv5-MuiTableCell-root"
  />
  <td
    aria-sort={null}
    className="MuiTableCell-root MuiTableCell-alignCenter MuiTableCell-sizeMedium css-cyurv5-MuiTableCell-root"
  />
  <td
    aria-sort={null}
    className="MuiTableCell-root MuiTableCell-alignCenter MuiTableCell-sizeMedium css-1hqncj3-MuiTableCell-root"
  >
    <div
      className="css-1cy58nb"
    >
      <button
        className="css-u6sf2k"
        onClick={[Function]}
      >
        Copy ID
      </button>
      <button
        className="css-u6sf2k"
        onClick={[Function]}
      >
        edit
      </button>
      <button
        className="MuiButtonBase-root MuiIconButton-root MuiIconButton-sizeMedium css-78trlr-MuiButtonBase-root-MuiIconButton-root"
        disabled={false}
        onBlur={[Function]}
        onClick={[Function]}
        onContextMenu={[Function]}
        onDragLeave={[Function]}
        onFocus={[Function]}
        onKeyDown={[Function]}
        onKeyUp={[Function]}
        onMouseDown={[Function]}
        onMouseLeave={[Function]}
        onMouseUp={[Function]}
        onTouchEnd={[Function]}
        onTouchMove={[Function]}
        onTouchStart={[Function]}
        tabIndex={0}
        type="button"
      >
        <svg
          aria-hidden={true}
          className="MuiSvgIcon-root MuiSvgIcon-fontSizeMedium css-i4bv87-MuiSvgIcon-root"
          data-testid="DeleteIcon"
          focusable="false"
          viewBox="0 0 24 24"
        >
          <path
            d="M6 19c0 1.1.9 2 2 2h8c1.1 0 2-.9 2-2V7H6v12zM19 4h-3.5l-1-1h-5l-1 1H5v2h14V4z"
          />
        </svg>
      </button>
    </div>
  </td>
</tr>
`;
