// Jest Snapshot v1, https://goo.gl/fbAQLP

exports[`test snapshot 1`] = `
<div
  className="MuiBox-root css-1sesid4"
>
  <div
    className="MuiBox-root css-8atqhb"
  >
    <div
      className="MuiBox-root css-sxvjad"
    >
      <div
        className="MuiBox-root css-1lbt5xs"
      >
        <div
          className="MuiAvatar-root MuiAvatar-circular css-2is7ki-MuiAvatar-root"
        >
          <img
            alt="Profile Image"
            className="MuiAvatar-img css-1pqm26d-MuiAvatar-img"
            src="https://scontent.fcai19-6.fna.fbcdn.net/v/t1.18169-9/14731344_1268156939902850_4843578088361110846_n.jpg?_nc_cat=108&ccb=1-7&_nc_sid=09cbfe&_nc_eui2=AeEky4_3cTAH8AsHcH3UuXIKcLp-k-70xXVwun6T7vTFdcArTit-okcWlHaag26qfJeWLi2DDiYbw59pVU7sfWCM&_nc_ohc=A5SpL8aNUVEAX-YO51A&_nc_oc=AQniPbizNXpZ3SFnkYVS1CpwqCbtRPI2D8DeAHUhOG0t0JSuAtT4Bvl1Xbu4WrCWCn8&_nc_ht=scontent.fcai19-6.fna&oh=00_AfDhRAFvWuZtkXlwquZXICIDBSAhT2eF7HurP0EfQHnCEg&oe=63C6E9D2"
          />
        </div>
        <a
          className="css-kqg5s"
          color="#000"
          fontWeight="bolder"
          href="/r/Nonlegit"
          onClick={[Function]}
        >
          r/
          asdwd
        </a>
        <div
          className="MuiBox-root css-1clzuz0"
        >
          <span>
            •
          </span>
          <div>
            Posted By
          </div>
          <div
            className="MuiAvatar-root MuiAvatar-circular css-2is7ki-MuiAvatar-root"
          >
            <img
              alt="Profile Image"
              className="MuiAvatar-img css-1pqm26d-MuiAvatar-img"
              src="https://scontent.fcai19-6.fna.fbcdn.net/v/t1.18169-9/14731344_1268156939902850_4843578088361110846_n.jpg?_nc_cat=108&ccb=1-7&_nc_sid=09cbfe&_nc_eui2=AeEky4_3cTAH8AsHcH3UuXIKcLp-k-70xXVwun6T7vTFdcArTit-okcWlHaag26qfJeWLi2DDiYbw59pVU7sfWCM&_nc_ohc=A5SpL8aNUVEAX-YO51A&_nc_oc=AQniPbizNXpZ3SFnkYVS1CpwqCbtRPI2D8DeAHUhOG0t0JSuAtT4Bvl1Xbu4WrCWCn8&_nc_ht=scontent.fcai19-6.fna&oh=00_AfDhRAFvWuZtkXlwquZXICIDBSAhT2eF7HurP0EfQHnCEg&oe=63C6E9D2"
            />
          </div>
          <a
            className="css-1fa4cpj"
            color="inherit"
            fontWeight="normal"
            href="/user/ahmed"
            onClick={[Function]}
          >
            u/
            hamada
             
            a month ago
          </a>
        </div>
      </div>
    </div>
    <a
      className="css-1jla3h9"
      href="/"
      onClick={[Function]}
    >
      <a
        className="css-9d0c2z"
        href="/subreddit/Nonlegit/comments/asd212"
        onClick={[Function]}
      >
        <h3
          className="MuiTypography-root MuiTypography-h6 css-b4dk1a-MuiTypography-root"
        >
          first post
        </h3>
      </a>
      <a
        className="css-1h1xqtx"
        href="/subreddit/Nonlegit/comments/asd212/asd"
        onClick={[Function]}
      >
        <div
          className="MuiAvatar-root MuiAvatar-circular css-1vmzm7i-MuiAvatar-root"
        >
          <img
            alt="Profile Image"
            className="MuiAvatar-img css-1pqm26d-MuiAvatar-img"
            src="https://scontent.fcai19-6.fna.fbcdn.net/v/t1.18169-9/1610059_681891708529379_2132042836_n.jpg?_nc_cat=111&ccb=1-7&_nc_sid=174925&_nc_eui2=AeFisYcHx5f55wofAI89qsv4zwd8DyzyeI7PB3wPLPJ4jmThq4Z2nXImJdnzBzY682Ug8GJmq6pI9RMvTwe9n4Gn&_nc_ohc=njty5Km-D6IAX9S2nST&_nc_ht=scontent.fcai19-6.fna&oh=00_AfCuo4cKDBZx7mLXxK-A1PtFj7RKiSri443Fa8QU-Pb5yw&oe=63C8EB3B"
          />
        </div>
        <div
          className="MuiBox-root css-0"
        >
          <div
            className="MuiBox-root css-11kldd9"
          >
            <a
              className="css-kqg5s"
              color="#000"
              fontWeight="bolder"
              href="/user/ahmed"
              onClick={[Function]}
            >
              milk
            </a>
            <div
              className="MuiBox-root css-1clzuz0"
            >
              <span
                className="MuiTypography-root MuiTypography-body1 css-vcah1l-MuiTypography-root"
              >
                •
              </span>
              <a
                className="css-1fa4cpj"
                color="inherit"
                fontWeight="normal"
                href="/"
                onClick={[Function]}
              >
                a month ago
              </a>
            </div>
          </div>
          <h3
            className="MuiTypography-root MuiTypography-h6 css-1rxmjur-MuiTypography-root"
          >
            aspidasjd;ioajf;sadfs;f adas daspdioasdklsa iodaskl;d jasdj sad iajfhdafhjsd fhad isd ijsa ja;sfh;jal;f h;jasdh uoas'jdash;jhas;fiasj das'jd asj dhuaos;d j;as'dk as jfa;sifj'las sa;dkl jnasjd as;f a;kf as d;asnfajlsf nla'f'klash fas'f ashf a'hf aio'f ha'fh 'ahfl ahsf hdajfjsdbgdalfja ;fdusghf;afh alndsg' hak fkDAJF ldanfl'kaf hal'kfh a'l hf'alsias  ihasdh asl'kfjash ahjfhasjf haslf hlas hfa'hslf haf'gaudlfNj'alsh 'g aspidasjd;ioajf;sadfs;f adas daspdioasdklsa iodaskl;d jasdj sad iajfhdafhjsd fhad isd ijsa ja;sfh;jal;f h;jasdh uoas'jdash;jhas;fiasj das'jd asj dhuaos;d j;as'dk as jfa;sifj'las sa;dkl jnasjd as;f a;kf as d;asnfajlsf nla'f'klash fas'f ashf a'hf aio'f ha'fh 'ahfl ahsf hdajfjsdbgdalfja ;fdusghf;afh alndsg' hak fkDAJF ldanfl'kaf hal'kfh a'l hf'alsias  ihasdh asl'kfjash ahjfhasjf haslf hlas hfa'hslf haf'gaudlfNj'alsh
          </h3>
          <div
            className="css-fhwtbh"
          >
            <span
              className="MuiTypography-root MuiTypography-span css-rjslxy-MuiTypography-root"
            >
              1.2K
               
              upvotes
               
            </span>
            <span
              className="MuiTypography-root MuiTypography-span css-rjslxy-MuiTypography-root"
            >
               
              awards
               
            </span>
          </div>
        </div>
      </a>
    </a>
    <a
      className="css-pbvgqa"
      href="/subreddit/Nonlegit/comments/asd212/asd"
      onClick={[Function]}
    >
      Go to thread
    </a>
    <div
      className="css-1wx6jdt"
    >
      <span
        className="MuiTypography-root MuiTypography-span css-1askrqg-MuiTypography-root"
      >
        1.2K
         
        upvotes
         
      </span>
      <span
        className="MuiTypography-root MuiTypography-span css-1askrqg-MuiTypography-root"
      >
        1.3K
         
        comments
         
      </span>
    </div>
  </div>
</div>
`;
