// Jest Snapshot v1, https://goo.gl/fbAQLP

exports[`test snapshot 1`] = `
<div
  className="MuiBox-root css-1v93rv6"
>
  <img
    className="css-1n7dhzd"
    src="https://www.redditstatic.com/desktop2x/img/snoomoji/snoo_thoughtful.png"
  />
  <p
    className="MuiTypography-root MuiTypography-body1 css-9vwyyl-MuiTypography-root"
  >
    Sorry, nobody on Reddit goes by that name.
  </p>
  <p
    className="MuiTypography-root MuiTypography-body2 css-5hdb8b-MuiTypography-root"
  >
    The person may have been banned or the username is incorrect.
  </p>
  <button
    className="MuiButtonBase-root MuiButton-root MuiButton-contained MuiButton-containedPrimary MuiButton-sizeMedium MuiButton-containedSizeMedium MuiButton-root MuiButton-contained MuiButton-containedPrimary MuiButton-sizeMedium MuiButton-containedSizeMedium css-1fkb2of-MuiButtonBase-root-MuiButton-root"
    disabled={false}
    onBlur={[Function]}
    onClick={[Function]}
    onContextMenu={[Function]}
    onDragLeave={[Function]}
    onFocus={[Function]}
    onKeyDown={[Function]}
    onKeyUp={[Function]}
    onMouseDown={[Function]}
    onMouseLeave={[Function]}
    onMouseUp={[Function]}
    onTouchEnd={[Function]}
    onTouchMove={[Function]}
    onTouchStart={[Function]}
    tabIndex={0}
    type="button"
  >
    Go Home
  </button>
</div>
`;
