// Jest Snapshot v1, https://goo.gl/fbAQLP

exports[`test snapshot 1`] = `
<div
  className="css-nvyjah"
>
  <div
    className="MuiBox-root css-dp89qc"
  >
    <h2
      className="css-1hww4d4"
    >
      Feed settings
    </h2>
    <h2
      className="css-1izwtqu"
    >
      CONTENT PREFERENCES
    </h2>
    <div
      className="css-m214ph"
    >
      <div
        className="css-m67mx2"
      >
        <div
          className="css-15qfu71"
        >
          Adult content
        </div>
        <div
          className="css-1olqyvz"
        >
          Enable to view adult and NSFW (not safe for work) content in your feed and search results.
        </div>
      </div>
      <div
        className="css-1au6i0y"
        onClick={[Function]}
      >
        <span
          className="MuiSwitch-root MuiSwitch-sizeMedium css-julti5-MuiSwitch-root"
        >
          <span
            className="MuiButtonBase-root MuiSwitch-switchBase MuiSwitch-colorPrimary PrivateSwitchBase-root MuiSwitch-switchBase MuiSwitch-colorPrimary css-5ryogn-MuiButtonBase-root-MuiSwitch-switchBase"
            onBlur={[Function]}
            onContextMenu={[Function]}
            onDragLeave={[Function]}
            onFocus={[Function]}
            onKeyDown={[Function]}
            onKeyUp={[Function]}
            onMouseDown={[Function]}
            onMouseLeave={[Function]}
            onMouseUp={[Function]}
            onTouchEnd={[Function]}
            onTouchMove={[Function]}
            onTouchStart={[Function]}
            tabIndex={null}
          >
            <input
              checked={false}
              className="PrivateSwitchBase-input MuiSwitch-input css-1m9pwf3"
              onChange={[Function]}
              type="checkbox"
            />
            <span
              className="MuiSwitch-thumb css-jsexje-MuiSwitch-thumb"
            />
          </span>
          <span
            className="MuiSwitch-track css-1yjjitx-MuiSwitch-track"
          />
        </span>
      </div>
    </div>
    <div
      className="css-m214ph"
    >
      <div
        className="css-m67mx2"
      >
        <div
          className="css-15qfu71"
        >
          Autoplay media
        </div>
        <div
          className="css-1olqyvz"
        >
          Play videos and gifs automatically when in the viewport.
        </div>
      </div>
      <div
        className="css-1au6i0y"
        onClick={[Function]}
      >
        <span
          className="MuiSwitch-root MuiSwitch-sizeMedium css-julti5-MuiSwitch-root"
        >
          <span
            className="MuiButtonBase-root MuiSwitch-switchBase MuiSwitch-colorPrimary PrivateSwitchBase-root MuiSwitch-switchBase MuiSwitch-colorPrimary css-5ryogn-MuiButtonBase-root-MuiSwitch-switchBase"
            onBlur={[Function]}
            onContextMenu={[Function]}
            onDragLeave={[Function]}
            onFocus={[Function]}
            onKeyDown={[Function]}
            onKeyUp={[Function]}
            onMouseDown={[Function]}
            onMouseLeave={[Function]}
            onMouseUp={[Function]}
            onTouchEnd={[Function]}
            onTouchMove={[Function]}
            onTouchStart={[Function]}
            tabIndex={null}
          >
            <input
              aria-label="controlled"
              checked={false}
              className="PrivateSwitchBase-input MuiSwitch-input css-1m9pwf3"
              onChange={[Function]}
              type="checkbox"
            />
            <span
              className="MuiSwitch-thumb css-jsexje-MuiSwitch-thumb"
            />
          </span>
          <span
            className="MuiSwitch-track css-1yjjitx-MuiSwitch-track"
          />
        </span>
      </div>
    </div>
  </div>
</div>
`;
