// Jest Snapshot v1, https://goo.gl/fbAQLP

exports[`Reactions Reactions renders correctly 1`] = `
<div
  className="MuiBox-root css-vgs5br"
>
  <button
    className="MuiButtonBase-root MuiIconButton-root MuiIconButton-sizeMedium css-xv33dv-MuiButtonBase-root-MuiIconButton-root"
    data-testid="upvote button"
    disabled={false}
    onBlur={[Function]}
    onClick={[Function]}
    onContextMenu={[Function]}
    onDragLeave={[Function]}
    onFocus={[Function]}
    onKeyDown={[Function]}
    onKeyUp={[Function]}
    onMouseDown={[Function]}
    onMouseLeave={[Function]}
    onMouseUp={[Function]}
    onTouchEnd={[Function]}
    onTouchMove={[Function]}
    onTouchStart={[Function]}
    tabIndex={0}
    type="button"
  >
    <svg
      aria-hidden={true}
      className="MuiSvgIcon-root MuiSvgIcon-fontSizeMedium css-1w87cc9-MuiSvgIcon-root"
      data-testid="ForwardOutlinedIcon"
      focusable="false"
      viewBox="0 0 24 24"
    >
      <path
        d="M14 8.83 17.17 12 14 15.17V14H6v-4h8V8.83M12 4v4H4v8h8v4l8-8-8-8z"
      />
    </svg>
  </button>
  <div
    className="MuiBox-root css-1py4uq7"
  >
    100
  </div>
  <button
    className="MuiButtonBase-root MuiIconButton-root MuiIconButton-sizeMedium css-xv33dv-MuiButtonBase-root-MuiIconButton-root"
    data-testid="downvote button"
    disabled={false}
    onBlur={[Function]}
    onClick={[Function]}
    onContextMenu={[Function]}
    onDragLeave={[Function]}
    onFocus={[Function]}
    onKeyDown={[Function]}
    onKeyUp={[Function]}
    onMouseDown={[Function]}
    onMouseLeave={[Function]}
    onMouseUp={[Function]}
    onTouchEnd={[Function]}
    onTouchMove={[Function]}
    onTouchStart={[Function]}
    tabIndex={0}
    type="button"
  >
    <svg
      aria-hidden={true}
      className="MuiSvgIcon-root MuiSvgIcon-fontSizeMedium css-10d9xhr-MuiSvgIcon-root"
      data-testid="ForwardOutlinedIcon"
      focusable="false"
      viewBox="0 0 24 24"
    >
      <path
        d="M14 8.83 17.17 12 14 15.17V14H6v-4h8V8.83M12 4v4H4v8h8v4l8-8-8-8z"
      />
    </svg>
  </button>
</div>
`;
