// Jest Snapshot v1, https://goo.gl/fbAQLP

exports[`SigUp test snapshot 1`] = `
<div
  className="MuiBox-root css-pdterq"
  data-testid="signup-test"
>
  <div
    className="MuiBox-root css-1i4eqyw"
  />
  <div
    className="MuiBox-root css-rjktpo"
    data-testid="signup-email-test"
    mnwidth="280px"
    mxwidth="280px"
  >
    <div
      className="MuiBox-root css-eyuwdo"
    >
      <img
        alt="Reddit"
        src="https://www.redditstatic.com/accountmanager/18e257d5fdea817c0f12cccf8867d930.svg"
        width="40px"
      />
      <p
        className="MuiTypography-root MuiTypography-body1 css-1sg842v-MuiTypography-root"
      >
        Welcome back!
      </p>
      <p
        className="MuiTypography-root MuiTypography-body1 css-g041yz-MuiTypography-root"
      >
        <p
          className="MuiTypography-root MuiTypography-body1 MuiTypography-paragraph css-aeviwr-MuiTypography-root"
        >
          You are already logged in and will be redirected back to Reddit shortly.
        </p>
        <p
          className="MuiTypography-root MuiTypography-body1 MuiTypography-paragraph css-aeviwr-MuiTypography-root"
        >
          If you are not redirected automatically, follow
           
          <a
            className="MuiTypography-root MuiTypography-inherit MuiLink-root MuiLink-underlineAlways css-rfhsen-MuiTypography-root-MuiLink-root"
            href="#"
            onBlur={[Function]}
            onClick={[Function]}
            onFocus={[Function]}
          >
            this link
          </a>
          .
        </p>
      </p>
    </div>
  </div>
</div>
`;
