// Jest Snapshot v1, https://goo.gl/fbAQLP

exports[`test snapshot 1`] = `
Array [
  <header
    className="MuiPaper-root MuiPaper-elevation MuiPaper-elevation4 MuiAppBar-root MuiAppBar-colorPrimary MuiAppBar-positionFixed mui-fixed css-1l4dsrr-MuiPaper-root-MuiAppBar-root"
  >
    <div
      className="MuiToolbar-root MuiToolbar-gutters MuiToolbar-regular css-hyum1k-MuiToolbar-root"
    >
      <div
        className="MuiBox-root css-1972ioa"
      >
        <a
          href="/"
          onClick={[Function]}
          style={
            Object {
              "textDecoration": "none",
            }
          }
        >
          <div
            className="MuiBox-root css-k008qs"
          >
            <div
              className="MuiBox-root css-8opyo5"
            >
              <img
                alt=""
                height={32}
                src="Logo.svg"
                width={32}
              />
            </div>
            <div
              className="MuiBox-root css-tjofhy"
            >
              <img
                alt=""
                height={20}
                src="LogoText.svg"
                width={57}
              />
            </div>
          </div>
        </a>
        <ul
          className="MuiList-root MuiList-padding css-9h32pz-MuiList-root"
          onClick={[Function]}
          onTouchEnd={[Function]}
        >
          <div
            className="MuiButtonBase-root MuiListItemButton-root MuiListItemButton-gutters MuiListItemButton-root MuiListItemButton-gutters css-18fvm0w-MuiButtonBase-root-MuiListItemButton-root"
            onBlur={[Function]}
            onClick={[Function]}
            onContextMenu={[Function]}
            onDragLeave={[Function]}
            onFocus={[Function]}
            onKeyDown={[Function]}
            onKeyUp={[Function]}
            onMouseDown={[Function]}
            onMouseLeave={[Function]}
            onMouseUp={[Function]}
            onTouchEnd={[Function]}
            onTouchMove={[Function]}
            onTouchStart={[Function]}
            role="button"
            tabIndex={0}
          >
            <div
              className="MuiListItemIcon-root css-cveggr-MuiListItemIcon-root"
            >
              <svg
                aria-hidden={true}
                className="MuiSvgIcon-root MuiSvgIcon-fontSizeMedium css-i4bv87-MuiSvgIcon-root"
                data-testid="HomeIcon"
                focusable="false"
                viewBox="0 0 24 24"
              >
                <path
                  d="M10 20v-6h4v6h5v-8h3L12 3 2 12h3v8z"
                />
              </svg>
            </div>
            <div
              className="MuiListItemText-root css-1havu1f-MuiListItemText-root"
            >
              <span
                className="MuiTypography-root MuiTypography-body1 MuiListItemText-primary css-10hburv-MuiTypography-root"
              >
                Home
              </span>
            </div>
            <svg
              aria-hidden={true}
              className="MuiSvgIcon-root MuiSvgIcon-fontSizeMedium css-yoveok-MuiSvgIcon-root"
              data-testid="ExpandMoreIcon"
              focusable="false"
              viewBox="0 0 24 24"
            >
              <path
                d="M16.59 8.59 12 13.17 7.41 8.59 6 10l6 6 6-6z"
              />
            </svg>
            <span
              className="MuiTouchRipple-root css-8je8zh-MuiTouchRipple-root"
            />
          </div>
        </ul>
        <div
          className="MuiBox-root css-1akzw1d"
        >
          <svg
            aria-hidden={true}
            className="MuiSvgIcon-root MuiSvgIcon-fontSizeMedium css-lw08pq-MuiSvgIcon-root"
            data-testid="SearchIcon"
            focusable="false"
            viewBox="0 0 24 24"
          >
            <path
              d="M15.5 14h-.79l-.28-.27C15.41 12.59 16 11.11 16 9.5 16 5.91 13.09 3 9.5 3S3 5.91 3 9.5 5.91 16 9.5 16c1.61 0 3.09-.59 4.23-1.57l.27.28v.79l5 4.99L20.49 19l-4.99-5zm-6 0C7.01 14 5 11.99 5 9.5S7.01 5 9.5 5 14 7.01 14 9.5 11.99 14 9.5 14z"
            />
          </svg>
          <div
            className="MuiInputBase-root MuiInputBase-colorPrimary css-1le28he-MuiInputBase-root"
            onClick={[Function]}
          >
            <input
              className="MuiInputBase-input css-yz9k0d-MuiInputBase-input"
              onAnimationStart={[Function]}
              onBlur={[Function]}
              onChange={[Function]}
              onFocus={[Function]}
              placeholder="Search nonlegit"
              type="text"
            />
          </div>
        </div>
      </div>
      <div
        className="MuiBox-root css-192qrng"
      >
        <div
          className="MuiBox-root css-2mjtug"
        >
          <button
            aria-label="show 17 new notifications"
            aria-labelledby={null}
            className="MuiButtonBase-root MuiIconButton-root MuiIconButton-colorInherit MuiIconButton-sizeLarge css-x8e68-MuiButtonBase-root-MuiIconButton-root"
            data-mui-internal-clone-element={true}
            disabled={false}
            onBlur={[Function]}
            onContextMenu={[Function]}
            onDragLeave={[Function]}
            onFocus={[Function]}
            onKeyDown={[Function]}
            onKeyUp={[Function]}
            onMouseDown={[Function]}
            onMouseLeave={[Function]}
            onMouseOver={[Function]}
            onMouseUp={[Function]}
            onTouchEnd={[Function]}
            onTouchMove={[Function]}
            onTouchStart={[Function]}
            tabIndex={0}
            type="button"
          >
            <svg
              aria-hidden={true}
              className="MuiSvgIcon-root MuiSvgIcon-fontSizeMedium css-wpim99-MuiSvgIcon-root"
              data-testid="OutboundOutlinedIcon"
              focusable="false"
              viewBox="0 0 24 24"
            >
              <path
                d="M12 4c4.41 0 8 3.59 8 8s-3.59 8-8 8-8-3.59-8-8 3.59-8 8-8m0-2C6.48 2 2 6.48 2 12s4.48 10 10 10 10-4.48 10-10S17.52 2 12 2zm1.88 9.54L8.92 16.5l-1.41-1.41 4.96-4.96L10.34 8l5.65.01.01 5.65-2.12-2.12z"
              />
            </svg>
            <span
              className="MuiTouchRipple-root css-8je8zh-MuiTouchRipple-root"
            />
          </button>
          <button
            aria-label="show 17 new notifications"
            aria-labelledby={null}
            className="MuiButtonBase-root MuiIconButton-root MuiIconButton-colorInherit MuiIconButton-sizeLarge css-x8e68-MuiButtonBase-root-MuiIconButton-root"
            data-mui-internal-clone-element={true}
            disabled={false}
            onBlur={[Function]}
            onContextMenu={[Function]}
            onDragLeave={[Function]}
            onFocus={[Function]}
            onKeyDown={[Function]}
            onKeyUp={[Function]}
            onMouseDown={[Function]}
            onMouseLeave={[Function]}
            onMouseOver={[Function]}
            onMouseUp={[Function]}
            onTouchEnd={[Function]}
            onTouchMove={[Function]}
            onTouchStart={[Function]}
            tabIndex={0}
            type="button"
          >
            <span
              className="MuiBadge-root MuiBadge-root css-1c32n2y-MuiBadge-root"
            >
              <a
                href="/notifications"
                onClick={[Function]}
              >
                <svg
                  aria-hidden={true}
                  className="MuiSvgIcon-root MuiSvgIcon-fontSizeMedium css-wpim99-MuiSvgIcon-root"
                  data-testid="NotificationsNoneIcon"
                  focusable="false"
                  viewBox="0 0 24 24"
                >
                  <path
                    d="M12 22c1.1 0 2-.9 2-2h-4c0 1.1.9 2 2 2zm6-6v-5c0-3.07-1.63-5.64-4.5-6.32V4c0-.83-.67-1.5-1.5-1.5s-1.5.67-1.5 1.5v.68C7.64 5.36 6 7.92 6 11v5l-2 2v1h16v-1l-2-2zm-2 1H8v-6c0-2.48 1.51-4.5 4-4.5s4 2.02 4 4.5v6z"
                  />
                </svg>
              </a>
              <span
                className="MuiBadge-badge MuiBadge-standard MuiBadge-anchorOriginTopRight MuiBadge-anchorOriginTopRightRectangular MuiBadge-overlapRectangular MuiBadge-colorError MuiBadge-badge css-to4x1n-MuiBadge-badge"
              >
                17
              </span>
            </span>
            <span
              className="MuiTouchRipple-root css-8je8zh-MuiTouchRipple-root"
            />
          </button>
          <button
            aria-label="Add Post"
            aria-labelledby={null}
            className="MuiButtonBase-root MuiIconButton-root MuiIconButton-sizeMedium css-chil1m-MuiButtonBase-root-MuiIconButton-root"
            data-mui-internal-clone-element={true}
            disabled={false}
            onBlur={[Function]}
            onContextMenu={[Function]}
            onDragLeave={[Function]}
            onFocus={[Function]}
            onKeyDown={[Function]}
            onKeyUp={[Function]}
            onMouseDown={[Function]}
            onMouseLeave={[Function]}
            onMouseOver={[Function]}
            onMouseUp={[Function]}
            onTouchEnd={[Function]}
            onTouchMove={[Function]}
            onTouchStart={[Function]}
            tabIndex={0}
            type="button"
          >
            <a
              href="/submit"
              onClick={[Function]}
            >
              <svg
                aria-hidden={true}
                className="MuiSvgIcon-root MuiSvgIcon-fontSizeMedium css-s3z8ud-MuiSvgIcon-root"
                data-testid="AddIcon"
                focusable="false"
                viewBox="0 0 24 24"
              >
                <path
                  d="M19 13h-6v6h-2v-6H5v-2h6V5h2v6h6v2z"
                />
              </svg>
            </a>
            <span
              className="MuiTouchRipple-root css-8je8zh-MuiTouchRipple-root"
            />
          </button>
        </div>
        <ul
          className="MuiList-root MuiList-padding css-1ovjbrw-MuiList-root"
          onClick={[Function]}
          onTouchEnd={[Function]}
        >
          <div
            className="MuiButtonBase-root MuiListItemButton-root MuiListItemButton-gutters MuiListItemButton-root MuiListItemButton-gutters css-18fvm0w-MuiButtonBase-root-MuiListItemButton-root"
            onBlur={[Function]}
            onClick={[Function]}
            onContextMenu={[Function]}
            onDragLeave={[Function]}
            onFocus={[Function]}
            onKeyDown={[Function]}
            onKeyUp={[Function]}
            onMouseDown={[Function]}
            onMouseLeave={[Function]}
            onMouseUp={[Function]}
            onTouchEnd={[Function]}
            onTouchMove={[Function]}
            onTouchStart={[Function]}
            role="button"
            tabIndex={0}
          >
            <div
              className="MuiBox-root css-70qvj9"
            >
              <div
                className="MuiListItemIcon-root css-cveggr-MuiListItemIcon-root"
              >
                <div
                  className="MuiBox-root css-0"
                >
                  <div
                    className="MuiAvatar-root MuiAvatar-circular css-1wlk0hk-MuiAvatar-root"
                  >
                    <img
                      className="MuiAvatar-img css-1pqm26d-MuiAvatar-img"
                      src="Reddit.svg"
                    />
                  </div>
                </div>
              </div>
              <div
                className="MuiBox-root css-qwtxio"
              >
                <p
                  className="MuiTypography-root MuiTypography-body1 css-9fpt74-MuiTypography-root"
                >
                  username
                </p>
                <div
                  className="MuiBox-root css-1n2mv2k"
                >
                  <img
                    alt=""
                    height={12}
                    src="karma.png"
                    width={12}
                  />
                  <p
                    className="MuiTypography-root MuiTypography-body1 css-15fhhhj-MuiTypography-root"
                  >
                     1 karma
                  </p>
                </div>
              </div>
            </div>
            <svg
              aria-hidden={true}
              className="MuiSvgIcon-root MuiSvgIcon-fontSizeMedium css-yoveok-MuiSvgIcon-root"
              data-testid="ExpandMoreIcon"
              focusable="false"
              viewBox="0 0 24 24"
            >
              <path
                d="M16.59 8.59 12 13.17 7.41 8.59 6 10l6 6 6-6z"
              />
            </svg>
            <span
              className="MuiTouchRipple-root css-8je8zh-MuiTouchRipple-root"
            />
          </div>
        </ul>
      </div>
    </div>
  </header>,
  <div
    className="MuiBox-root css-pwymh4"
  >
    <div
      className="css-1yelhn"
    >
      <div
        className="css-3ggxsn"
        width={640}
      >
        <div
          className="css-ysyxwd"
        >
          <div
            className="css-iytt7u"
          >
            <a
              href="/"
              onClick={[Function]}
            >
              <img
                alt="avatar"
                className="css-fg9jqr"
                src="https://styles.redditmedia.com/t5_758ciw/styles/profileIcon_snoodd8b11a2-0e4a-4403-a861-a9fa7474b850-headshot.png?width=256&height=256&crop=256:256,smart&s=bc53006491e647452f185afa69775cd6a241598c"
              />
            </a>
          </div>
          <input
            className="css-1txqv5e"
            onClick={[Function]}
            placeholder="Create Post"
            type="text"
          />
          <a
            href="/submit"
            onClick={[Function]}
          >
            <button
              className="MuiButtonBase-root MuiIconButton-root MuiIconButton-colorThird MuiIconButton-sizeMedium css-ibn9bp-MuiButtonBase-root-MuiIconButton-root"
              disabled={false}
              onBlur={[Function]}
              onContextMenu={[Function]}
              onDragLeave={[Function]}
              onFocus={[Function]}
              onKeyDown={[Function]}
              onKeyUp={[Function]}
              onMouseDown={[Function]}
              onMouseLeave={[Function]}
              onMouseUp={[Function]}
              onTouchEnd={[Function]}
              onTouchMove={[Function]}
              onTouchStart={[Function]}
              tabIndex={0}
              type="button"
            >
              <svg
                aria-hidden={true}
                className="MuiSvgIcon-root MuiSvgIcon-fontSizeMedium css-i4bv87-MuiSvgIcon-root"
                data-testid="InsertPhotoOutlinedIcon"
                focusable="false"
                viewBox="0 0 24 24"
              >
                <path
                  d="M19 5v14H5V5h14m0-2H5c-1.1 0-2 .9-2 2v14c0 1.1.9 2 2 2h14c1.1 0 2-.9 2-2V5c0-1.1-.9-2-2-2zm-4.86 8.86-3 3.87L9 13.14 6 17h12l-3.86-5.14z"
                />
              </svg>
              <span
                className="MuiTouchRipple-root css-8je8zh-MuiTouchRipple-root"
              />
            </button>
          </a>
          <a
            href="/submit"
            onClick={[Function]}
          >
            <button
              className="MuiButtonBase-root MuiIconButton-root MuiIconButton-colorThird MuiIconButton-sizeMedium css-ibn9bp-MuiButtonBase-root-MuiIconButton-root"
              disabled={false}
              onBlur={[Function]}
              onContextMenu={[Function]}
              onDragLeave={[Function]}
              onFocus={[Function]}
              onKeyDown={[Function]}
              onKeyUp={[Function]}
              onMouseDown={[Function]}
              onMouseLeave={[Function]}
              onMouseUp={[Function]}
              onTouchEnd={[Function]}
              onTouchMove={[Function]}
              onTouchStart={[Function]}
              tabIndex={0}
              type="button"
            >
              <svg
                aria-hidden={true}
                className="MuiSvgIcon-root MuiSvgIcon-fontSizeMedium css-39q5dk-MuiSvgIcon-root"
                data-testid="AttachFileIcon"
                focusable="false"
                viewBox="0 0 24 24"
              >
                <path
                  d="M16.5 6v11.5c0 2.21-1.79 4-4 4s-4-1.79-4-4V5c0-1.38 1.12-2.5 2.5-2.5s2.5 1.12 2.5 2.5v10.5c0 .55-.45 1-1 1s-1-.45-1-1V6H10v9.5c0 1.38 1.12 2.5 2.5 2.5s2.5-1.12 2.5-2.5V5c0-2.21-1.79-4-4-4S7 2.79 7 5v12.5c0 3.04 2.46 5.5 5.5 5.5s5.5-2.46 5.5-5.5V6h-1.5z"
                />
              </svg>
              <span
                className="MuiTouchRipple-root css-8je8zh-MuiTouchRipple-root"
              />
            </button>
          </a>
        </div>
        <div
          className="css-1i4l6gc"
        >
          <a
            className="css-ooqefv"
            href="/best/"
            onClick={[Function]}
          >
            <button
              active={true}
              className="MuiButtonBase-root MuiButton-root MuiButton-text MuiButton-textPrimary MuiButton-sizeMedium MuiButton-textSizeMedium MuiButton-root MuiButton-text MuiButton-textPrimary MuiButton-sizeMedium MuiButton-textSizeMedium css-1kotd5n-MuiButtonBase-root-MuiButton-root"
              disabled={false}
              onBlur={[Function]}
              onContextMenu={[Function]}
              onDragLeave={[Function]}
              onFocus={[Function]}
              onKeyDown={[Function]}
              onKeyUp={[Function]}
              onMouseDown={[Function]}
              onMouseLeave={[Function]}
              onMouseUp={[Function]}
              onTouchEnd={[Function]}
              onTouchMove={[Function]}
              onTouchStart={[Function]}
              tabIndex={0}
              type="button"
            >
              <svg
                aria-hidden={true}
                className="MuiSvgIcon-root MuiSvgIcon-fontSizeMedium css-i4bv87-MuiSvgIcon-root"
                data-testid="RocketOutlinedIcon"
                focusable="false"
                viewBox="0 0 24 24"
              >
                <path
                  d="M14 11c0-1.1-.9-2-2-2s-2 .9-2 2 .9 2 2 2 2-.9 2-2zm-6.02 7.25c-.29-.9-.57-1.94-.76-3L6 16.07v2.98l1.98-.8zM12 2s5 2 5 11l2.11 1.41c.56.37.89 1 .89 1.66V22l-5-2H9l-5 2v-5.93c0-.67.33-1.29.89-1.66L7 13c0-9 5-11 5-11zm0 2.36S9 6.38 9 13c0 2.25 1 5 1 5h4s1-2.75 1-5c0-6.62-3-8.64-3-8.64zm6 14.69v-2.98l-1.22-.81c-.19 1.05-.47 2.1-.76 3l1.98.79z"
                />
              </svg>
              <div>
                best
              </div>
              <svg
                aria-hidden={true}
                className="MuiSvgIcon-root MuiSvgIcon-fontSizeMedium css-i4bv87-MuiSvgIcon-root"
                data-testid="ExpandMoreIcon"
                focusable="false"
                viewBox="0 0 24 24"
              >
                <path
                  d="M16.59 8.59 12 13.17 7.41 8.59 6 10l6 6 6-6z"
                />
              </svg>
              <span
                className="MuiTouchRipple-root css-8je8zh-MuiTouchRipple-root"
              />
            </button>
          </a>
        </div>
      </div>
    </div>
  </div>,
]
`;
