// Jest Snapshot v1, https://goo.gl/fbAQLP

exports[`HomePageFooter HomePageFooter renders correctly 1`] = `
[
  <div
    className="css-1jk8dg8"
  >
    <div
      className="css-2imjyh"
    >
      <a
        className="css-dxot0o"
        href="/"
        onClick={[Function]}
      >
        User Agreement
      </a>
      <a
        className="css-dxot0o"
        href="/"
        onClick={[Function]}
      >
        Content Policy
      </a>
      <a
        className="css-dxot0o"
        href="/"
        onClick={[Function]}
      >
        Privacy Policy
      </a>
      <a
        className="css-dxot0o"
        href="/"
        onClick={[Function]}
      >
        Moderator Code Of Conduct
      </a>
    </div>
    <hr
      className="MuiDivider-root MuiDivider-fullWidth css-1s2c4sr-MuiDivider-root"
    />
    <div
      className="css-2imjyh"
    >
      <a
        className="css-dxot0o"
        href="/"
        onClick={[Function]}
      >
        English
      </a>
      <a
        className="css-dxot0o"
        href="/"
        onClick={[Function]}
      >
        Français
      </a>
      <a
        className="css-dxot0o"
        href="/"
        onClick={[Function]}
      >
        Italiano
      </a>
      <a
        className="css-dxot0o"
        href="/"
        onClick={[Function]}
      >
        Deutsch
      </a>
      <a
        className="css-dxot0o"
        href="/"
        onClick={[Function]}
      >
        Español
      </a>
      <a
        className="css-dxot0o"
        href="/"
        onClick={[Function]}
      >
        Português
      </a>
    </div>
    <hr
      className="MuiDivider-root MuiDivider-fullWidth css-1s2c4sr-MuiDivider-root"
    />
    <div>
      Reddit Inc © 2022. All rights reserved
    </div>
  </div>,
  ",",
]
`;
